// Vitest Snapshot v1

exports[`module exports > exposes the correct data from index.ts 1`] = `
{
  "AbstractClient": [Function],
  "AbstractEndpoint": [Function],
  "AbstractPrivateEndpoint": [Function],
  "AbstractPublicEndpoint": [Function],
  "ApiException": [Function],
  "BASE_URL": "https://api.myparcel.nl",
  "FetchClient": [Function],
  "GetCarrier": [Function],
  "GetCarriers": [Function],
  "GetDeliveryOptions": [Function],
  "GetPickupLocations": [Function],
  "GetShipment": [Function],
  "GetShipments": [Function],
  "PostShipments": [Function],
  "UserException": [Function],
  "createMyParcelSdk": [Function],
  "createPrivateSdk": [Function],
  "createPublicSdk": [Function],
}
`;
