// Vitest Snapshot v1, https://vitest.dev/guide/snapshot.html

exports[`module exports > exposes the correct data from index.ts 1`] = `
{
  "AbstractClient": [Function],
  "AbstractEndpoint": [Function],
  "AbstractPrivateEndpoint": [Function],
  "AbstractPublicEndpoint": [Function],
  "ApiException": [Function],
  "BASE_URL": "https://api.myparcel.nl",
  "DeleteAccountMessage": [Function],
  "DeleteCarrierOptions": [Function],
  "DeleteSubscription": [Function],
  "DeleteWebhookSubscriptions": [Function],
  "FetchClient": [Function],
  "GetAccount": [Function],
  "GetAccountMessages": [Function],
  "GetAccounts": [Function],
  "GetApiKeys": [Function],
  "GetCarrier": [Function],
  "GetCarrierOptions": [Function],
  "GetCarriers": [Function],
  "GetDeliveryOptions": [Function],
  "GetLocations": [Function],
  "GetPickupLocations": [Function],
  "GetShipment": [Function],
  "GetShipments": [Function],
  "GetShop": [Function],
  "GetSubscriptions": [Function],
  "GetSubscriptionsCapabilities": [Function],
  "GetSystemCountryCodes": [Function],
  "GetSystemMessages": [Function],
  "GetTrackAndTrace": [Function],
  "GetWebhookSubscriptions": [Function],
  "PatchSubscriptions": [Function],
  "PostApiKeys": [Function],
  "PostCarrierOptions": [Function],
  "PostShipments": [Function],
  "PostShop": [Function],
  "PostSubscriptions": [Function],
  "PostWebhookSubscriptions": [Function],
  "PutAccount": [Function],
  "PutCarrierOptions": [Function],
  "PutShop": [Function],
  "UserException": [Function],
  "createMyParcelSdk": [Function],
  "createPrivateSdk": [Function],
  "createPublicSdk": [Function],
}
`;
